// Jest Snapshot v1, https://goo.gl/fbAQLP

exports[`<CityComponent /> should render successfully 1`] = `<Connect(City) />`;
