// Jest Snapshot v1, https://goo.gl/fbAQLP

exports[`<DateComponent /> should render successfully 1`] = `<Connect(DateComp) />`;
