// Jest Snapshot v1, https://goo.gl/fbAQLP

exports[`<FlightListComponent /> should render successfully 1`] = `<Connect(FlightList) />`;
