// Jest Snapshot v1, https://goo.gl/fbAQLP

exports[`<NoDataContainer /> should render successfully 1`] = `<NoDataContainer />`;
